Clock: i_Clk
Sources: i_Clk 
Generated: no
Virtual: yes
Propagated: no
Period: 10.000000

===========================================================================
report_clock_properties
============================================================================
Clock                   Period          Waveform
----------------------------------------------------
i_Clk                10.000000    0.000000  5.000000

===========================================================================
report_clock_latency
============================================================================
Clock i_Clk
rise -> rise
    min     max
0.000000 0.000000 source latency
0.244959         network latency _257_/CLK
        0.248337 network latency _273_/CLK
---------------
0.244959 0.248337 latency
        0.003378 skew

fall -> fall
    min     max
0.000000 0.000000 source latency
0.228946         network latency _257_/CLK
        0.231449 network latency _273_/CLK
---------------
0.228946 0.231449 latency
        0.002503 skew



===========================================================================
report_clock_min_period
============================================================================
i_Clk period_min = 1.39 fmax = 720.87
