Clock: i_Clk
Sources: i_Clk 
Generated: no
Virtual: yes
Propagated: no
Period: 10.000000

===========================================================================
report_clock_properties
============================================================================
Clock                   Period          Waveform
----------------------------------------------------
i_Clk                10.000000    0.000000  5.000000

===========================================================================
report_clock_latency
============================================================================
Clock i_Clk
rise -> rise
    min     max
0.000000 0.000000 source latency
0.249101         network latency _257_/CLK
        0.253004 network latency _273_/CLK
---------------
0.249101 0.253004 latency
        0.003902 skew

fall -> fall
    min     max
0.000000 0.000000 source latency
0.231691         network latency _257_/CLK
        0.234613 network latency _273_/CLK
---------------
0.231691 0.234613 latency
        0.002922 skew



===========================================================================
report_clock_min_period
============================================================================
i_Clk period_min = 1.39 fmax = 718.28
