
===========================================================================
 report_power
============================================================================
======================= nom_ff_n40C_1v95 Corner ===================================

Group                    Internal    Switching      Leakage        Total
                            Power        Power        Power        Power (Watts)
------------------------------------------------------------------------
Sequential           3.242879e-04 7.014604e-05 7.897089e-10 3.944347e-04  37.6%
Combinational        2.000748e-04 2.328632e-04 1.577059e-09 4.329396e-04  41.3%
Clock                1.455570e-04 7.645317e-05 9.275935e-10 2.220111e-04  21.2%
Macro                0.000000e+00 0.000000e+00 0.000000e+00 0.000000e+00   0.0%
Pad                  0.000000e+00 0.000000e+00 0.000000e+00 0.000000e+00   0.0%
------------------------------------------------------------------------
Total                6.699195e-04 3.794626e-04 3.294361e-09 1.049385e-03 100.0%
                            63.8%        36.2%         0.0%

