
===========================================================================
report_checks -unconstrained
===========================================================================
======================= nom_ss_100C_1v60 Corner ===================================

Startpoint: i_Rst_L (input port clocked by i_Clk)
Endpoint: _237_ (recovery check against rising-edge clock i_Clk)
Path Group: asynchronous
Path Type: max

Fanout         Cap        Slew       Delay        Time   Description
---------------------------------------------------------------------------------------------
                      0.150000    0.000000    0.000000   clock i_Clk (rise edge)
                                  0.000000    0.000000   clock network delay (ideal)
                                  2.000000    2.000000 ^ input external delay
    47    0.153449    1.102425    0.769739    2.769739 ^ i_Rst_L (in)
                                                         i_Rst_L (net)
                      1.102425    0.000000    2.769739 ^ _237_/RESET_B (sky130_fd_sc_hd__dfrtp_2)
                                              2.769739   data arrival time

                      0.150000   10.000000   10.000000   clock i_Clk (rise edge)
                                  0.000000   10.000000   clock network delay (ideal)
                                 -0.250000    9.750000   clock uncertainty
                                  0.000000    9.750000   clock reconvergence pessimism
                                              9.750000 ^ _237_/CLK (sky130_fd_sc_hd__dfrtp_2)
                                  0.032516    9.782516   library recovery time
                                              9.782516   data required time
---------------------------------------------------------------------------------------------
                                              9.782516   data required time
                                             -2.769739   data arrival time
---------------------------------------------------------------------------------------------
                                              7.012777   slack (MET)


Startpoint: i_TX_DV (input port clocked by i_Clk)
Endpoint: o_TX_Ready (output port clocked by i_Clk)
Path Group: i_Clk
Path Type: max

Fanout         Cap        Slew       Delay        Time   Description
---------------------------------------------------------------------------------------------
                      0.150000    0.000000    0.000000   clock i_Clk (rise edge)
                                  0.000000    0.000000   clock network delay (ideal)
                                  2.000000    2.000000 v input external delay
    19    0.063843    0.274942    0.195459    2.195459 v i_TX_DV (in)
                                                         i_TX_DV (net)
                      0.274942    0.000000    2.195459 v _140_/B1 (sky130_fd_sc_hd__a21oi_2)
     1    0.033442    0.676852    0.634699    2.830158 ^ _140_/Y (sky130_fd_sc_hd__a21oi_2)
                                                         o_TX_Ready (net)
                      0.676852    0.000000    2.830158 ^ o_TX_Ready (out)
                                              2.830158   data arrival time

                      0.150000   10.000000   10.000000   clock i_Clk (rise edge)
                                  0.000000   10.000000   clock network delay (ideal)
                                 -0.250000    9.750000   clock uncertainty
                                  0.000000    9.750000   clock reconvergence pessimism
                                 -2.000000    7.750000   output external delay
                                              7.750000   data required time
---------------------------------------------------------------------------------------------
                                              7.750000   data required time
                                             -2.830158   data arrival time
---------------------------------------------------------------------------------------------
                                              4.919842   slack (MET)




===========================================================================
report_checks --slack_max -0.01
============================================================================
======================= nom_ss_100C_1v60 Corner ===================================

No paths found.


===========================================================================
 report_check_types -max_slew -max_cap -max_fanout -violators
============================================================================
======================= nom_ss_100C_1v60 Corner ===================================

max slew

Pin                                        Limit        Slew       Slack
------------------------------------------------------------------------
i_Rst_L                                 0.750000    1.102425   -0.352425 (VIOLATED)
_237_/RESET_B                           0.750000    1.102425   -0.352425 (VIOLATED)
_238_/RESET_B                           0.750000    1.102425   -0.352425 (VIOLATED)
_241_/RESET_B                           0.750000    1.102425   -0.352425 (VIOLATED)
_242_/RESET_B                           0.750000    1.102425   -0.352425 (VIOLATED)
_243_/RESET_B                           0.750000    1.102425   -0.352425 (VIOLATED)
_244_/RESET_B                           0.750000    1.102425   -0.352425 (VIOLATED)
_245_/RESET_B                           0.750000    1.102425   -0.352425 (VIOLATED)
_246_/SET_B                             0.750000    1.102425   -0.352425 (VIOLATED)
_247_/SET_B                             0.750000    1.102425   -0.352425 (VIOLATED)
_248_/SET_B                             0.750000    1.102425   -0.352425 (VIOLATED)
_249_/SET_B                             0.750000    1.102425   -0.352425 (VIOLATED)
_250_/RESET_B                           0.750000    1.102425   -0.352425 (VIOLATED)
_251_/RESET_B                           0.750000    1.102425   -0.352425 (VIOLATED)
_252_/SET_B                             0.750000    1.102425   -0.352425 (VIOLATED)
_253_/RESET_B                           0.750000    1.102425   -0.352425 (VIOLATED)
_254_/SET_B                             0.750000    1.102425   -0.352425 (VIOLATED)
_255_/SET_B                             0.750000    1.102425   -0.352425 (VIOLATED)
_256_/SET_B                             0.750000    1.102425   -0.352425 (VIOLATED)
_257_/RESET_B                           0.750000    1.102425   -0.352425 (VIOLATED)
_258_/RESET_B                           0.750000    1.102425   -0.352425 (VIOLATED)
_259_/RESET_B                           0.750000    1.102425   -0.352425 (VIOLATED)
_260_/RESET_B                           0.750000    1.102425   -0.352425 (VIOLATED)
_261_/RESET_B                           0.750000    1.102425   -0.352425 (VIOLATED)
_262_/RESET_B                           0.750000    1.102425   -0.352425 (VIOLATED)
_263_/RESET_B                           0.750000    1.102425   -0.352425 (VIOLATED)
_264_/RESET_B                           0.750000    1.102425   -0.352425 (VIOLATED)
_265_/RESET_B                           0.750000    1.102425   -0.352425 (VIOLATED)
_266_/RESET_B                           0.750000    1.102425   -0.352425 (VIOLATED)
_267_/RESET_B                           0.750000    1.102425   -0.352425 (VIOLATED)
_268_/RESET_B                           0.750000    1.102425   -0.352425 (VIOLATED)
_269_/RESET_B                           0.750000    1.102425   -0.352425 (VIOLATED)
_270_/RESET_B                           0.750000    1.102425   -0.352425 (VIOLATED)
_271_/RESET_B                           0.750000    1.102425   -0.352425 (VIOLATED)
_272_/RESET_B                           0.750000    1.102425   -0.352425 (VIOLATED)
_273_/RESET_B                           0.750000    1.102425   -0.352425 (VIOLATED)
_274_/RESET_B                           0.750000    1.102425   -0.352425 (VIOLATED)
_275_/RESET_B                           0.750000    1.102425   -0.352425 (VIOLATED)
_276_/RESET_B                           0.750000    1.102425   -0.352425 (VIOLATED)
_277_/RESET_B                           0.750000    1.102425   -0.352425 (VIOLATED)
_278_/RESET_B                           0.750000    1.102425   -0.352425 (VIOLATED)
_279_/RESET_B                           0.750000    1.102425   -0.352425 (VIOLATED)
_280_/RESET_B                           0.750000    1.102425   -0.352425 (VIOLATED)
_281_/SET_B                             0.750000    1.102425   -0.352425 (VIOLATED)
_282_/SET_B                             0.750000    1.102425   -0.352425 (VIOLATED)
_283_/SET_B                             0.750000    1.102425   -0.352425 (VIOLATED)
_284_/RESET_B                           0.750000    1.102425   -0.352425 (VIOLATED)
_285_/RESET_B                           0.750000    1.102425   -0.352425 (VIOLATED)
_130_/Y                                 0.750000    0.796133   -0.046133 (VIOLATED)
_131_/B                                 0.750000    0.796133   -0.046133 (VIOLATED)
_132_/B                                 0.750000    0.796133   -0.046133 (VIOLATED)
_155_/A2                                0.750000    0.796133   -0.046133 (VIOLATED)
_220_/A                                 0.750000    0.796133   -0.046133 (VIOLATED)
_221_/B                                 0.750000    0.796133   -0.046133 (VIOLATED)
_229_/B                                 0.750000    0.796133   -0.046133 (VIOLATED)

max fanout

Pin                                   Limit Fanout  Slack
---------------------------------------------------------
i_Rst_L                                  10     47    -37 (VIOLATED)
i_TX_DV                                  10     19     -9 (VIOLATED)



===========================================================================
report_parasitic_annotation -report_unannotated
============================================================================
Found 184 unannotated drivers.
 i_Clk
 i_Rst_L
 i_SPI_MISO
 i_Slave_Select[0]
 i_Slave_Select[1]
 i_TX_Byte[0]
 i_TX_Byte[1]
 i_TX_Byte[2]
 i_TX_Byte[3]
 i_TX_Byte[4]
 i_TX_Byte[5]
 i_TX_Byte[6]
 i_TX_Byte[7]
 i_TX_Count[0]
 i_TX_Count[1]
 i_TX_DV
 _118_/Y
 _119_/Y
 _120_/Y
 _121_/Y
 _122_/Y
 _123_/Y
 _124_/Y
 _125_/Y
 _126_/Y
 _127_/X
 _128_/Y
 _129_/X
 _130_/Y
 _131_/X
 _132_/X
 _133_/Y
 _134_/Y
 _135_/X
 _136_/X
 _137_/Y
 _138_/X
 _139_/Y
 _140_/Y
 _141_/X
 _142_/Y
 _143_/Y
 _144_/X
 _145_/Y
 _146_/X
 _147_/X
 _148_/Y
 _149_/X
 _150_/Y
 _151_/Y
 _152_/Y
 _153_/Y
 _154_/Y
 _155_/X
 _156_/X
 _157_/X
 _158_/X
 _159_/Y
 _160_/Y
 _161_/X
 _162_/Y
 _163_/Y
 _164_/X
 _165_/X
 _166_/X
 _167_/X
 _168_/X
 _169_/X
 _170_/X
 _171_/X
 _172_/X
 _173_/X
 _174_/X
 _175_/X
 _176_/X
 _177_/X
 _178_/Y
 _179_/X
 _180_/X
 _181_/Y
 _182_/X
 _183_/Y
 _184_/X
 _185_/X
 _186_/Y
 _187_/X
 _188_/X
 _189_/Y
 _190_/X
 _191_/X
 _192_/X
 _193_/Y
 _194_/X
 _195_/X
 _196_/Y
 _197_/X
 _198_/X
 _199_/X
 _200_/X
 _201_/X
 _202_/X
 _203_/X
 _204_/Y
 _205_/X
 _206_/X
 _207_/X
 _208_/X
 _209_/X
 _210_/X
 _211_/X
 _212_/X
 _213_/X
 _214_/X
 _215_/X
 _216_/X
 _217_/X
 _218_/X
 _219_/X
 _220_/Y
 _221_/X
 _222_/Y
 _223_/X
 _224_/X
 _225_/X
 _226_/X
 _227_/Y
 _228_/X
 _229_/X
 _230_/Y
 _231_/Y
 _232_/X
 _233_/Y
 _234_/X
 _235_/Y
 _236_/Y
 _237_/Q
 _238_/Q
 _239_/Q
 _240_/Q
 _241_/Q
 _242_/Q
 _243_/Q
 _244_/Q
 _245_/Q
 _246_/Q
 _247_/Q
 _248_/Q
 _249_/Q
 _250_/Q
 _251_/Q
 _252_/Q
 _253_/Q
 _254_/Q
 _255_/Q
 _256_/Q
 _257_/Q
 _258_/Q
 _259_/Q
 _260_/Q
 _261_/Q
 _262_/Q
 _263_/Q
 _264_/Q
 _265_/Q
 _266_/Q
 _267_/Q
 _268_/Q
 _269_/Q
 _270_/Q
 _271_/Q
 _272_/Q
 _273_/Q
 _274_/Q
 _275_/Q
 _276_/Q
 _277_/Q
 _278_/Q
 _279_/Q
 _280_/Q
 _281_/Q
 _282_/Q
 _283_/Q
 _284_/Q
 _285_/Q
Found 0 partially unannotated drivers.

===========================================================================
max slew violation count 55
max fanout violation count 2
max cap violation count 0
============================================================================

===========================================================================
check_setup -verbose -unconstrained_endpoints -multiple_clock -no_clock -no_input_delay -loops -generated_clocks
===========================================================================
