
===========================================================================
report_checks -unconstrained
===========================================================================
======================= nom_tt_025C_1v80 Corner ===================================

Startpoint: i_Rst_L (input port clocked by i_Clk)
Endpoint: _255_ (recovery check against rising-edge clock i_Clk)
Path Group: asynchronous
Path Type: max

Fanout         Cap        Slew       Delay        Time   Description
---------------------------------------------------------------------------------------------
                                  0.000000    0.000000   clock i_Clk (rise edge)
                                  0.000000    0.000000   clock network delay (propagated)
                                  2.000000    2.000000 ^ input external delay
     1    0.003911    0.024551    0.014187    2.014187 ^ i_Rst_L (in)
                                                         i_Rst_L (net)
                      0.024551    0.000000    2.014187 ^ input1/A (sky130_fd_sc_hd__clkbuf_1)
     1    0.002625    0.043703    0.072058    2.086245 ^ input1/X (sky130_fd_sc_hd__clkbuf_1)
                                                         net1 (net)
                      0.043703    0.000009    2.086253 ^ fanout43/A (sky130_fd_sc_hd__buf_2)
     7    0.031909    0.159223    0.189614    2.275867 ^ fanout43/X (sky130_fd_sc_hd__buf_2)
                                                         net43 (net)
                      0.159272    0.000344    2.276212 ^ fanout39/A (sky130_fd_sc_hd__clkbuf_4)
    10    0.042525    0.135723    0.243505    2.519717 ^ fanout39/X (sky130_fd_sc_hd__clkbuf_4)
                                                         net39 (net)
                      0.135723    0.000342    2.520059 ^ fanout38/A (sky130_fd_sc_hd__clkbuf_4)
    10    0.041775    0.133502    0.234002    2.754061 ^ fanout38/X (sky130_fd_sc_hd__clkbuf_4)
                                                         net38 (net)
                      0.133502    0.000262    2.754323 ^ _255_/SET_B (sky130_fd_sc_hd__dfstp_2)
                                              2.754323   data arrival time

                                 10.000000   10.000000   clock i_Clk (rise edge)
                                  0.000000   10.000000   clock source latency
     1    0.013002    0.064527    0.043783   10.043783 ^ i_Clk (in)
                                                         i_Clk (net)
                      0.064528    0.000000   10.043783 ^ clkbuf_0_i_Clk/A (sky130_fd_sc_hd__clkbuf_16)
     4    0.036681    0.056883    0.146691   10.190474 ^ clkbuf_0_i_Clk/X (sky130_fd_sc_hd__clkbuf_16)
                                                         clknet_0_i_Clk (net)
                      0.056883    0.000183   10.190657 ^ clkbuf_2_2__f_i_Clk/A (sky130_fd_sc_hd__clkbuf_16)
    14    0.033141    0.053810    0.141274   10.331930 ^ clkbuf_2_2__f_i_Clk/X (sky130_fd_sc_hd__clkbuf_16)
                                                         clknet_2_2__leaf_i_Clk (net)
                      0.053810    0.000021   10.331951 ^ _255_/CLK (sky130_fd_sc_hd__dfstp_2)
                                 -0.250000   10.081951   clock uncertainty
                                  0.000000   10.081951   clock reconvergence pessimism
                                  0.130017   10.211968   library recovery time
                                             10.211968   data required time
---------------------------------------------------------------------------------------------
                                             10.211968   data required time
                                             -2.754323   data arrival time
---------------------------------------------------------------------------------------------
                                              7.457645   slack (MET)


Startpoint: i_TX_DV (input port clocked by i_Clk)
Endpoint: o_TX_Ready (output port clocked by i_Clk)
Path Group: i_Clk
Path Type: max

Fanout         Cap        Slew       Delay        Time   Description
---------------------------------------------------------------------------------------------
                                  0.000000    0.000000   clock i_Clk (rise edge)
                                  0.000000    0.000000   clock network delay (propagated)
                                  2.000000    2.000000 v input external delay
     1    0.003355    0.009920    0.005349    2.005349 v i_TX_DV (in)
                                                         i_TX_DV (net)
                      0.009920    0.000000    2.005349 v input15/A (sky130_fd_sc_hd__clkbuf_1)
     1    0.002463    0.025673    0.070846    2.076195 v input15/X (sky130_fd_sc_hd__clkbuf_1)
                                                         net15 (net)
                      0.025673    0.000004    2.076199 v fanout37/A (sky130_fd_sc_hd__clkbuf_4)
    10    0.034511    0.080008    0.174688    2.250887 v fanout37/X (sky130_fd_sc_hd__clkbuf_4)
                                                         net37 (net)
                      0.080008    0.000207    2.251095 v _140_/B1 (sky130_fd_sc_hd__a21oi_1)
     1    0.002001    0.091562    0.110737    2.361832 ^ _140_/Y (sky130_fd_sc_hd__a21oi_1)
                                                         net33 (net)
                      0.091562    0.000002    2.361835 ^ output33/A (sky130_fd_sc_hd__buf_2)
     1    0.034119    0.169608    0.215136    2.576971 ^ output33/X (sky130_fd_sc_hd__buf_2)
                                                         o_TX_Ready (net)
                      0.169608    0.000110    2.577081 ^ o_TX_Ready (out)
                                              2.577081   data arrival time

                                 10.000000   10.000000   clock i_Clk (rise edge)
                                  0.000000   10.000000   clock network delay (propagated)
                                 -0.250000    9.750000   clock uncertainty
                                  0.000000    9.750000   clock reconvergence pessimism
                                 -2.000000    7.750000   output external delay
                                              7.750000   data required time
---------------------------------------------------------------------------------------------
                                              7.750000   data required time
                                             -2.577081   data arrival time
---------------------------------------------------------------------------------------------
                                              5.172919   slack (MET)




===========================================================================
report_checks --slack_max -0.01
============================================================================
======================= nom_tt_025C_1v80 Corner ===================================

No paths found.


===========================================================================
 report_check_types -max_slew -max_cap -max_fanout -violators
============================================================================
======================= nom_tt_025C_1v80 Corner ===================================

max fanout

Pin                                   Limit Fanout  Slack
---------------------------------------------------------
clkbuf_2_1__f_i_Clk/X                    10     14     -4 (VIOLATED)
clkbuf_2_2__f_i_Clk/X                    10     14     -4 (VIOLATED)
clkbuf_2_3__f_i_Clk/X                    10     13     -3 (VIOLATED)
clkbuf_2_0__f_i_Clk/X                    10     11        (VIOLATED)



===========================================================================
report_parasitic_annotation -report_unannotated
============================================================================
Found 3 unannotated drivers.
 clkload0/Y
 clkload1/X
 clkload2/X
Found 0 partially unannotated drivers.

===========================================================================
max slew violation count 0
Writing metric design__max_slew_violation__count__corner:nom_tt_025C_1v80: 0
max fanout violation count 4
Writing metric design__max_fanout_violation__count__corner:nom_tt_025C_1v80: 4
max cap violation count 0
Writing metric design__max_cap_violation__count__corner:nom_tt_025C_1v80: 0
============================================================================

===========================================================================
check_setup -verbose -unconstrained_endpoints -multiple_clock -no_clock -no_input_delay -loops -generated_clocks
===========================================================================
