
===========================================================================
 report_power
============================================================================
======================= max_ff_n40C_1v95 Corner ===================================

Group                    Internal    Switching      Leakage        Total
                            Power        Power        Power        Power (Watts)
------------------------------------------------------------------------
Sequential           3.242869e-04 7.237237e-05 7.897089e-10 3.966601e-04  37.5%
Combinational        2.001916e-04 2.374856e-04 1.577059e-09 4.376788e-04  41.3%
Clock                1.455950e-04 7.869248e-05 9.275935e-10 2.242884e-04  21.2%
Macro                0.000000e+00 0.000000e+00 0.000000e+00 0.000000e+00   0.0%
Pad                  0.000000e+00 0.000000e+00 0.000000e+00 0.000000e+00   0.0%
------------------------------------------------------------------------
Total                6.700736e-04 3.885506e-04 3.294361e-09 1.058627e-03 100.0%
                            63.3%        36.7%         0.0%

