
===========================================================================
 report_power
============================================================================
======================= nom_tt_025C_1v80 Corner ===================================

Group                    Internal    Switching      Leakage        Total
                            Power        Power        Power        Power (Watts)
------------------------------------------------------------------------
Sequential           2.799083e-04 5.538995e-05 5.590571e-10 3.352988e-04  37.6%
Combinational        1.796663e-04 1.908869e-04 6.464366e-10 3.705539e-04  41.5%
Clock                1.271269e-04 5.970137e-05 2.495416e-10 1.868286e-04  20.9%
Macro                0.000000e+00 0.000000e+00 0.000000e+00 0.000000e+00   0.0%
Pad                  0.000000e+00 0.000000e+00 0.000000e+00 0.000000e+00   0.0%
------------------------------------------------------------------------
Total                5.867016e-04 3.059782e-04 1.455039e-09 8.926812e-04 100.0%
                            65.7%        34.3%         0.0%
Writing metric power__internal__total: 0.0005867015570402145
Writing metric power__switching__total: 0.0003059782029595226
Writing metric power__leakage__total: 1.4550389781931017e-9
Writing metric power__total: 0.0008926812442950904

