
===========================================================================
 report_power
============================================================================
======================= nom_tt_025C_1v80 Corner ===================================

Group                    Internal    Switching      Leakage        Total
                            Power        Power        Power        Power (Watts)
------------------------------------------------------------------------
Sequential           2.797498e-04 4.881083e-05 5.590571e-10 3.285612e-04  38.0%
Combinational        1.790006e-04 1.758672e-04 6.464366e-10 3.548685e-04  41.0%
Clock                1.269485e-04 5.477278e-05 2.495416e-10 1.817215e-04  21.0%
Macro                0.000000e+00 0.000000e+00 0.000000e+00 0.000000e+00   0.0%
Pad                  0.000000e+00 0.000000e+00 0.000000e+00 0.000000e+00   0.0%
------------------------------------------------------------------------
Total                5.856989e-04 2.794508e-04 1.455039e-09 8.651512e-04 100.0%
                            67.7%        32.3%         0.0%
Writing metric power__internal__total: 0.0005856989300809801
Writing metric power__switching__total: 0.0002794508181978017
Writing metric power__leakage__total: 1.4550389781931017e-9
Writing metric power__total: 0.0008651512325741351

