
===========================================================================
 report_power
============================================================================
======================= nom_tt_025C_1v80 Corner ===================================

Group                    Internal    Switching      Leakage        Total
                            Power        Power        Power        Power (Watts)
------------------------------------------------------------------------
Sequential           2.954982e-04 1.331667e-04 5.307226e-10 4.286654e-04  64.4%
Combinational        1.443960e-04 9.294003e-05 3.957633e-10 2.373364e-04  35.6%
Clock                0.000000e+00 0.000000e+00 1.620019e-10 1.620019e-10   0.0%
Macro                0.000000e+00 0.000000e+00 0.000000e+00 0.000000e+00   0.0%
Pad                  0.000000e+00 0.000000e+00 0.000000e+00 0.000000e+00   0.0%
------------------------------------------------------------------------
Total                4.398942e-04 2.261067e-04 1.088490e-09 6.660020e-04 100.0%
                            66.0%        33.9%         0.0%
Writing metric power__internal__total: 0.0004398942110128701
Writing metric power__switching__total: 0.00022610666928812861
Writing metric power__leakage__total: 1.0884899648289093e-9
Writing metric power__total: 0.000666001986246556

