
===========================================================================
 report_power
============================================================================
======================= nom_tt_025C_1v80 Corner ===================================

Group                    Internal    Switching      Leakage        Total
                            Power        Power        Power        Power (Watts)
------------------------------------------------------------------------
Sequential           2.952915e-04 1.247026e-04 5.307226e-10 4.199946e-04  64.9%
Combinational        1.440517e-04 8.286603e-05 3.957633e-10 2.269182e-04  35.1%
Clock                0.000000e+00 0.000000e+00 0.000000e+00 0.000000e+00   0.0%
Macro                0.000000e+00 0.000000e+00 0.000000e+00 0.000000e+00   0.0%
Pad                  0.000000e+00 0.000000e+00 0.000000e+00 0.000000e+00   0.0%
------------------------------------------------------------------------
Total                4.393432e-04 2.075686e-04 9.264863e-10 6.469128e-04 100.0%
                            67.9%        32.1%         0.0%

