Clock: i_Clk
Sources: i_Clk 
Generated: no
Virtual: yes
Propagated: no
Period: 10.000000

===========================================================================
report_clock_properties
============================================================================
Clock                   Period          Waveform
----------------------------------------------------
i_Clk                10.000000    0.000000  5.000000

===========================================================================
report_clock_latency
============================================================================
Clock i_Clk
rise -> rise
    min     max
0.000000 0.000000 source latency
0.365421         network latency _257_/CLK
        0.371544 network latency _273_/CLK
---------------
0.365421 0.371544 latency
        0.006123 skew

fall -> fall
    min     max
0.000000 0.000000 source latency
0.343215         network latency _257_/CLK
        0.348041 network latency _273_/CLK
---------------
0.343215 0.348041 latency
        0.004825 skew



===========================================================================
report_clock_min_period
============================================================================
i_Clk period_min = 2.26 fmax = 443.23
