
===========================================================================
 report_power
============================================================================
======================= max_tt_025C_1v80 Corner ===================================

Group                    Internal    Switching      Leakage        Total
                            Power        Power        Power        Power (Watts)
------------------------------------------------------------------------
Sequential           2.799346e-04 6.049262e-05 5.590571e-10 3.404277e-04  37.3%
Combinational        1.795338e-04 2.004602e-04 6.464363e-10 3.799947e-04  41.6%
Clock                1.272903e-04 6.566583e-05 4.990258e-10 1.929567e-04  21.1%
Macro                0.000000e+00 0.000000e+00 0.000000e+00 0.000000e+00   0.0%
Pad                  0.000000e+00 0.000000e+00 0.000000e+00 0.000000e+00   0.0%
------------------------------------------------------------------------
Total                5.867588e-04 3.266187e-04 1.704521e-09 9.133792e-04 100.0%
                            64.2%        35.8%         0.0%

