Clock: i_Clk
Sources: i_Clk 
Generated: no
Virtual: yes
Propagated: no
Period: 10.000000

===========================================================================
report_clock_properties
============================================================================
Clock                   Period          Waveform
----------------------------------------------------
i_Clk                10.000000    0.000000  5.000000

===========================================================================
report_clock_latency
============================================================================
Clock i_Clk
rise -> rise
    min     max
0.000000 0.000000 source latency
0.631733         network latency _257_/CLK
        0.642079 network latency _273_/CLK
---------------
0.631733 0.642079 latency
        0.010346 skew

fall -> fall
    min     max
0.000000 0.000000 source latency
0.611861         network latency _257_/CLK
        0.620373 network latency _273_/CLK
---------------
0.611861 0.620373 latency
        0.008511 skew



===========================================================================
report_clock_min_period
============================================================================
i_Clk period_min = 4.62 fmax = 216.38
