
===========================================================================
 report_power
============================================================================
======================= max_ss_100C_1v60 Corner ===================================

Group                    Internal    Switching      Leakage        Total
                            Power        Power        Power        Power (Watts)
------------------------------------------------------------------------
Sequential           2.175947e-04 4.695624e-05 9.340092e-07 2.654849e-04  36.7%
Combinational        1.448295e-04 1.564621e-04 9.258685e-07 3.022175e-04  41.8%
Clock                1.045109e-04 5.063406e-05 1.374904e-07 1.552825e-04  21.5%
Macro                0.000000e+00 0.000000e+00 0.000000e+00 0.000000e+00   0.0%
Pad                  0.000000e+00 0.000000e+00 0.000000e+00 0.000000e+00   0.0%
------------------------------------------------------------------------
Total                4.669351e-04 2.540524e-04 1.997369e-06 7.229848e-04 100.0%
                            64.6%        35.1%         0.3%

